2025-02-22 12:05:24,817 - my_app - DEBUG - Logger configured. Starting app...
2025-02-22 12:05:30,723 - my_app - DEBUG - Logger configured. Starting app...
2025-02-22 12:06:32,358 - my_app - DEBUG - Logger configured. Starting app...
2025-02-22 12:16:58,045 - my_app - DEBUG - Logger configured. Starting app...
2025-02-22 12:17:14,287 - my_app - DEBUG - Logger configured. Starting app...
2025-02-22 12:17:46,325 - my_app - DEBUG - Logger configured. Starting app...
2025-02-22 12:22:28,807 - my_app - DEBUG - Logger configured. Starting app...
2025-02-22 12:22:55,235 - my_app - DEBUG - Logger configured. Starting app...
2025-02-22 12:23:00,386 - my_app - DEBUG - Logger configured. Starting app...
2025-02-22 12:23:11,240 - my_app - DEBUG - Generating response for prompt: Clarify the following problem statement based on t...
2025-02-22 12:23:21,900 - my_app - DEBUG - Received response: Okay, let's clarify the problem statement "How can we improve the efficiency of our supply chain management?" within the context of the Logistics industry, using Blockchain technology.  Here's a more specific and actionable problem statement, along with the reasoning behind the changes:

**Revised Problem Statement:**

**"How can we leverage blockchain technology to enhance transparency, traceability, and automation within our logistics supply chain to reduce delays, minimize losses, and optimize overall operational efficiency, specifically focusing on [Identify a specific area, e.g., international shipments, temperature-sensitive goods, or vendor onboarding]?"**

**Explanation of Changes and Justification:**

1. **Specificity:** The original statement is very broad.  We need to narrow it down to make it addressable.
2. **Focus on Blockchain's Strengths:** Blockchain isn't a magic bullet.  We need to focus on the aspects where it offers the most value:
    *   **Transparency:** Blockchain creates an immutable, shared record of transactions.  This can improve visibility across the supply chain, allowing all stakeholders to see the status of goods at any given time.
    *   **Traceability:**  The ability to track the provenance and chain of custody of goods is crucial in logistics.  Blockchain can provide a clear, auditable trail from origin to destination.
    *   **Automation:** Smart contracts, a key feature of many blockchain platforms, can automate certain processes, such as payment release upon delivery confirmation or triggering alerts when goods deviate from predefined temperature ranges.
3. **Measurable Outcomes:**  We need to tie the improved efficiency to specific, measurable outcomes:
    *   **Reduce Delays:** Identify bottlenecks and speed up processes.
    *   **Minimize Losses:** Reduce theft, damage, and spoilage by improving tracking and accountability.
    *   **Optimize Overall Operational Efficiency:**  This could mean reducing costs, improving resource utilization, or increasing throughput.
4. **Target a Specific Area (Very Important):** Logistics supply chains are vast and complex.  Trying to improve everything at once is unrealistic.  We need to *define a scope*. Here are some examples of areas to focus on:

    *   **International Shipments:** This involves numerous parties (suppliers, manufacturers, customs brokers, freight forwarders, etc.) and complex paperwork, making it a good candidate for blockchain's transparency and automation capabilities.
    *   **Temperature-Sensitive Goods (e.g., Pharmaceuticals, Food):** Blockchain can be used to track temperature data throughout the supply chain and automatically alert stakeholders if there are any deviations that could compromise product quality.
    *   **Vendor Onboarding:**  Streamlining the process of adding new vendors to the supply chain, ensuring compliance, and verifying credentials.
    *   **Inventory Management:**  Improving the accuracy and visibility of inventory levels across the supply chain, reducing stockouts and overstocking.
    *   **Proof of Delivery:** Immutable proof of delivery can reduce disputes and speed up payment processing.
    *   **Combating Counterfeit Goods:** Traceability can help ensure the authenticity of products and prevent counterfeit goods from entering the supply chain.

**Example using one of the focused areas:**

**"How can we leverage blockchain technology to enhance transparency, traceability, and automation within our logistics supply chain, specifically focusing on **temperature-sensitive goods**, to reduce spoilage, minimize losses, and optimize overall operational efficiency by providing real-time temperature monitoring and automated alerts for deviations?"**

**Why this is better:**

*   **More Actionable:** This revised statement gives a clearer direction for investigation and potential solutions.  It focuses on specific problems where blockchain can be impactful.
*   **Measurable:**  The revised statement includes metrics that can be used to evaluate the success of any blockchain implementation.
*   **Realistic:** By focusing on a specific area of the supply chain, the problem becomes more manageable and the chances of success are increased.

In summary, clarifying the problem statement requires focusing on the strengths of blockchain in logistics, defining measurable outcomes, and targeting a specific area of the supply chain. This will lead to a more effective and focused approach to improving efficiency. Remember to choose the "specific area" that aligns with your company's greatest pain points and strategic priorities....
2025-02-22 12:23:21,907 - my_app - DEBUG - Generating response for prompt: Check for duplicate and similar problems to the fo...
2025-02-22 12:23:34,361 - my_app - DEBUG - Received response: Okay, let's break down how to check for duplicates and similar problems to the broad question: "How can we improve the efficiency of our supply chain management?"

**Understanding the Core Problem**

The core problem is about **supply chain efficiency**.  This is a very general statement, and it's likely that many similar questions exist, but their specific contexts and desired solutions might vary significantly.

**Duplicate Problems (Exact Matches - Unlikely but Checkable)**

True duplicates would be rare, but you should still check for them.  Look for:

*   **Identical wording:**  "How can we improve the efficiency of our supply chain management?"  (This is the most obvious, but least likely.)
*   **Slightly reworded but identical meaning:** "What steps can be taken to make our supply chain management more efficient?"  (This is also unlikely but possible).

**How to find Duplicates**

*   **Search existing documentation:** Company wikis, internal knowledge bases, project repositories, or even meeting notes. Use the exact phrase and variations.
*   **Check ticketing systems:** If your organization uses a ticketing system for problems/requests (e.g., Jira, ServiceNow), search for the exact phrase.
*   **Consult with colleagues:** Ask around if anyone has recently worked on a project or initiative with the same core question.

**Similar Problems (Much More Likely - and Important to Find)**

Similar problems will address the *same core area* (supply chain efficiency) but may have different:

*   **Focus areas:**
    *   Reducing transportation costs
    *   Improving inventory management
    *   Optimizing warehouse operations
    *   Enhancing supplier relationships
    *   Streamlining order fulfillment
    *   Improving demand forecasting
    *   Reducing lead times
    *   Managing risk within the supply chain
    *   Implementing technology for better visibility
    *   Improving communication with stakeholders

*   **Contexts:**
    *   Specific industry (e.g., manufacturing, retail, healthcare)
    *   Specific product or product line
    *   Specific geographic region
    *   Company size and structure
    *   Current technology infrastructure
    *   Specific problems being experienced (e.g., late deliveries, high inventory costs, stockouts)

*   **Desired Outcomes:**
    *   Cost reduction
    *   Improved customer satisfaction
    *   Increased revenue
    *   Reduced risk
    *   Greater agility
    *   Improved sustainability

**Examples of Similar Problem Statements:**

*   "How can we reduce transportation costs in our supply chain?"
*   "What are the best practices for inventory management in the [Industry] industry?"
*   "How can we improve our demand forecasting accuracy to minimize stockouts?"
*   "What technologies can we implement to gain better visibility into our supply chain?"
*   "How can we improve our relationship with key suppliers to ensure on-time delivery and consistent quality?"
*   "What strategies can we employ to mitigate the risk of supply chain disruptions due to [specific event, e.g., geopolitical instability]?"
*   "How can we optimize our warehouse layout and processes to improve efficiency?"
*   "How can we streamline our order fulfillment process to reduce lead times?"
*   "How can we make our supply chain more resilient to unexpected disruptions?"
*   "What are the most effective strategies for implementing sustainable supply chain practices?"
*   "How can we leverage data analytics to improve supply chain performance?"
*   "What are the challenges and opportunities in implementing a blockchain-based supply chain solution?"
*   "How can we improve communication and collaboration with our supply chain partners?"

**How to Find Similar Problems**

1.  **Break down the problem into key components:**  The key components here are:
    *   **Supply Chain:**  Consider all aspects of the supply chain (sourcing, manufacturing, logistics, distribution, etc.)
    *   **Efficiency:**  Think about what "efficiency" means in this context (cost, time, resource utilization, etc.)
    *   **Improvement:**  Focuses on identifying areas for optimization and implementing changes.

2.  **Use broader search terms:** Instead of the exact phrase, search for:
    *   "Supply chain optimization"
    *   "Supply chain cost reduction"
    *   "Inventory management best practices"
    *   "Demand forecasting techniques"
    *   "Supply chain visibility solutions"
    *   "Supplier relationship management"
    *   "Warehouse optimization"
    *   "Order fulfillment efficiency"
    *   "Supply chain risk management"
    *   "Sustainable supply chain"
    *   "Supply chain analytics"
    *   "Supply chain resilience"
    *   "Supply chain communication"

3.  **Use more specific search terms related to your context:**  If you're in the manufacturing industry, add "manufacturing" to your search.  If you're struggling with transportation, add "transportation" to your search.

4.  **Review previous pr...
2025-02-22 12:23:34,368 - my_app - DEBUG - Generating response for prompt: Assess the feasibility of solving the following pr...
2025-02-22 12:23:45,110 - my_app - DEBUG - Received response: The feasibility of solving "How can we improve the efficiency of our supply chain management?" is **high and achievable**, but requires a systematic approach and commitment of resources. Here's a breakdown of why and what factors influence its success:

**Reasons for High Feasibility:**

* **Measurable Goal:** Efficiency is quantifiable. We can measure metrics like lead times, inventory turnover, cost per unit shipped, order fulfillment rates, and transportation expenses to track improvements.
* **Established Methodologies:** Numerous well-established methodologies exist for supply chain optimization, including Lean principles, Six Sigma, Total Quality Management (TQM), and specific software and tools.
* **Data Availability:**  Modern supply chains generate a vast amount of data that can be analyzed to identify bottlenecks and areas for improvement. ERP systems, WMS, TMS, and other software provide valuable data streams.
* **Technological Solutions:** Technology plays a crucial role. Software solutions like advanced planning and scheduling (APS), warehouse management systems (WMS), transportation management systems (TMS), and blockchain can significantly improve efficiency.
* **Return on Investment (ROI):**  Improving supply chain efficiency almost always leads to a positive ROI through reduced costs, increased customer satisfaction, and improved profitability.
* **Continuous Improvement Process:** Supply chain management is a dynamic field, and optimizing efficiency should be an ongoing process, not a one-time project.  This allows for iterative improvements and adaptation to changing market conditions.

**Factors Influencing Success (Challenges to Overcome):**

* **Scope and Complexity:**  Supply chains can be incredibly complex, involving multiple suppliers, manufacturers, distributors, retailers, and transportation modes.  Successfully addressing the problem requires clearly defining the scope and prioritizing areas for improvement. A phased approach is often recommended.
* **Data Quality:** Accurate and reliable data is crucial for effective analysis and decision-making. Data silos, inconsistencies, and incomplete information can hinder optimization efforts.  Data cleaning and integration are essential.
* **Organizational Alignment:**  Improving supply chain efficiency often requires collaboration across different departments (e.g., purchasing, manufacturing, logistics, sales).  Siloed thinking and lack of communication can be significant barriers.  Strong leadership and cross-functional teamwork are vital.
* **Resistance to Change:**  Implementing new processes and technologies can be met with resistance from employees who are comfortable with the status quo.  Effective change management is crucial, including communication, training, and demonstrating the benefits of the changes.
* **Technology Implementation Challenges:** Implementing new software solutions can be complex and expensive.  Careful planning, selection, and integration are essential to avoid implementation failures.
* **Cost of Implementation:**  Solutions can range from simple process improvements to significant investments in new technology. A cost-benefit analysis is essential to ensure that the improvements justify the investment.
* **External Factors:** Supply chains are often affected by external factors such as economic fluctuations, geopolitical events, natural disasters, and regulatory changes.  These factors need to be considered when developing optimization strategies.
* **Skill Gap:**  Analyzing and optimizing supply chains requires specialized knowledge and skills in areas such as data analytics, process improvement, and supply chain management software. A lack of qualified personnel can be a limiting factor.
* **Defining "Efficiency":** What does "efficiency" *really* mean to the organization?  Is it solely cost reduction?  Or does it also encompass factors like agility, resilience, sustainability, and customer service?  Clearly defining efficiency metrics is crucial.

**How to Approach the Problem:**

1. **Define Scope and Objectives:** Clearly define the scope of the project and the specific goals you want to achieve (e.g., reduce lead times by 20%, decrease inventory holding costs by 15%).  Focus on specific areas where you can have the biggest impact.
2. **Data Collection and Analysis:** Gather data from various sources to understand the current state of your supply chain. Identify bottlenecks, inefficiencies, and areas for improvement.
3. **Process Mapping:**  Map out your current supply chain processes to visualize the flow of goods, information, and money. This can help you identify areas where processes can be streamlined or eliminated.
4. **Identify and Evaluate Solutions:** Explore different solutions for improving efficiency, such as implementing new technologies, optimizing transportation routes, improving inventory management, or negotiating better terms with suppliers.
5. **Develop an Implementation Plan:**  C...
2025-02-22 12:23:45,115 - my_app - DEBUG - Generating response for prompt: Suggest possible solutions for the following probl...
2025-02-22 12:24:04,520 - my_app - DEBUG - Received response: Okay, let's break down how to improve supply chain management (SCM) efficiency. Here are a bunch of potential solutions, grouped by category, along with some notes on their applicability and potential challenges:

**I. Technology & Automation:**

*   **Implement or Upgrade Enterprise Resource Planning (ERP) Systems:**
    *   **Solution:** Integrate all aspects of the supply chain, from planning and procurement to manufacturing, distribution, and customer service, into a single system.
    *   **Benefits:** Improved visibility, real-time data access, better coordination, streamlined processes, reduced errors.
    *   **Challenges:** High implementation costs, significant training required, potential for system failures, resistance to change.

*   **Adopt Supply Chain Planning (SCP) Software:**
    *   **Solution:** Utilize specialized software for demand forecasting, inventory optimization, production planning, and transportation management.
    *   **Benefits:** More accurate demand forecasts, reduced inventory holding costs, optimized production schedules, lower transportation expenses.
    *   **Challenges:** Requires accurate data inputs, can be complex to configure, needs ongoing maintenance and updates.

*   **Embrace Automation in Warehousing and Distribution:**
    *   **Solution:** Employ technologies like automated guided vehicles (AGVs), robotic picking and packing, automated storage and retrieval systems (AS/RS), and automated sortation systems.
    *   **Benefits:** Increased throughput, reduced labor costs, improved accuracy, faster order fulfillment.
    *   **Challenges:** Significant upfront investment, requires changes to warehouse layout, potential job displacement.

*   **Utilize Blockchain Technology:**
    *   **Solution:** Create a transparent and secure ledger for tracking goods and transactions throughout the supply chain.
    *   **Benefits:** Enhanced traceability, reduced fraud, improved supply chain visibility, faster dispute resolution.
    *   **Challenges:** Requires industry-wide adoption, complex technology, potential regulatory hurdles.

*   **Implement IoT (Internet of Things) Sensors:**
    *   **Solution:** Track goods, equipment, and environmental conditions using sensors that transmit data wirelessly.
    *   **Benefits:** Real-time visibility into location, temperature, humidity, and other critical parameters, proactive identification of potential problems, improved product quality.
    *   **Challenges:** Requires significant investment in sensors and infrastructure, data security concerns, potential for sensor failures.

*   **Employ AI and Machine Learning:**
    *   **Solution:** Use AI and machine learning algorithms to analyze large datasets, identify patterns, and make predictions.
    *   **Benefits:** Improved demand forecasting, optimized inventory levels, predictive maintenance, automated decision-making.
    *   **Challenges:** Requires access to large datasets, specialized expertise, potential for bias in algorithms.

*   **Implement Robotic Process Automation (RPA):**
    *   **Solution:** Automate repetitive, rule-based tasks such as data entry, order processing, and invoice reconciliation.
    *   **Benefits:** Reduced errors, increased efficiency, freed-up employees for more strategic tasks.
    *   **Challenges:** Requires careful process analysis, potential for job displacement, needs ongoing maintenance.

**II. Process Optimization:**

*   **Implement Lean Principles:**
    *   **Solution:** Eliminate waste in all areas of the supply chain, from inventory and transportation to defects and waiting times.  Focus on value stream mapping, 5S, and continuous improvement.
    *   **Benefits:** Reduced costs, improved efficiency, shorter lead times, enhanced customer satisfaction.
    *   **Challenges:** Requires a change in mindset, ongoing commitment to continuous improvement, potential resistance to change.

*   **Apply Six Sigma Methodologies:**
    *   **Solution:** Reduce variation and defects in supply chain processes through data-driven analysis and problem-solving.
    *   **Benefits:** Improved quality, reduced costs, increased efficiency, enhanced customer satisfaction.
    *   **Challenges:** Requires specialized training, can be time-consuming, needs strong data analysis skills.

*   **Streamline Procurement Processes:**
    *   **Solution:** Automate purchase order generation, implement e-procurement systems, and negotiate favorable contracts with suppliers.
    *   **Benefits:** Reduced procurement costs, faster order processing, improved supplier relationships.
    *   **Challenges:** Requires careful supplier selection, potential for supplier dependence, needs ongoing monitoring of contract compliance.

*   **Optimize Inventory Management:**
    *   **Solution:** Implement strategies like Just-in-Time (JIT) inventory, Vendor-Managed Inventory (VMI), and Economic Order Quantity (EOQ) to minimize inventory holding costs while ensuring prod...
2025-02-22 12:24:04,525 - my_app - DEBUG - Generating response for prompt: Provide advice and feedback on whether the followi...
2025-02-22 12:24:15,074 - my_app - DEBUG - Received response: The problem statement "How can we improve the efficiency of our supply chain management?" is a very broad question. While it's a good starting point, it's **not well-defined** as it stands. It lacks specific context and boundaries, making it difficult to generate actionable solutions.

Here's why and how to improve it:

**Why it's not well-defined:**

* **Efficiency is vague:** What does "efficiency" mean in this context?  Faster delivery times? Lower costs? Reduced waste? Fewer errors?  All of the above?
* **Scope is too broad:** Supply chain management encompasses many activities: sourcing, production, warehousing, transportation, distribution, etc. Which part of the supply chain are we focusing on?
* **No baseline:** What is the current level of efficiency we're trying to improve upon?  Without knowing our current performance, it's difficult to measure improvement.
* **No success metrics:** How will we measure if we have actually improved efficiency? What are the key performance indicators (KPIs) we will track?
* **No constraints:** Are there any budget, resource, or regulatory constraints that need to be considered?

**How to improve the problem statement:**

To make the problem statement well-defined, you need to make it more **specific, measurable, achievable, relevant, and time-bound (SMART)**.  Here are a few examples of how to refine the statement, depending on the specific concerns:

**Example 1: Focusing on cost reduction in transportation:**

* **Improved Problem Statement:**  "How can we reduce transportation costs by 15% within the next year for our finished goods shipments from our production facility in X to our distribution centers in Y and Z, while maintaining on-time delivery rates above 95%?"

**Breakdown of improvements:**

* **Specific:** Focuses on transportation costs of finished goods between specific locations.
* **Measurable:** Quantifiable target of a 15% reduction.
* **Achievable:** Assumes the 15% reduction is realistic based on some initial analysis.
* **Relevant:** Directly addresses a key business objective (cost reduction).
* **Time-Bound:** Sets a deadline of one year.
* **Constraint:** Maintains on-time delivery rates.

**Example 2: Focusing on reducing lead time for raw materials:**

* **Improved Problem Statement:** "How can we reduce the lead time for acquiring raw material A from our primary supplier B by 20% within the next six months, without compromising quality or increasing the risk of stockouts?"

**Breakdown of improvements:**

* **Specific:** Focuses on lead time for a specific raw material (A) from a specific supplier (B).
* **Measurable:** Quantifiable target of a 20% reduction.
* **Achievable:** Assumes the 20% reduction is realistic based on some initial analysis.
* **Relevant:** Reducing lead time can improve production flexibility and reduce inventory holding costs.
* **Time-Bound:** Sets a deadline of six months.
* **Constraints:** Maintains quality and avoids stockouts.

**Example 3: Focusing on reducing errors in order fulfillment:**

* **Improved Problem Statement:** "How can we reduce order fulfillment errors (wrong items shipped, incorrect quantities) by 50% in our e-commerce warehouse within the next quarter, using existing technology and staffing levels?"

**Breakdown of improvements:**

* **Specific:** Focuses on order fulfillment errors in a specific warehouse.
* **Measurable:** Quantifiable target of a 50% reduction.
* **Achievable:** A reasonable target reduction.
* **Relevant:** Reduced errors improve customer satisfaction and reduce return costs.
* **Time-Bound:** Sets a deadline of one quarter.
* **Constraints:** Limited to existing resources.

**Key Takeaways:**

* **Start broad, then narrow:** Begin by identifying the overall problem (e.g., inefficient supply chain) and then drill down to specific areas of concern.
* **Data-driven:** Use data to identify the most significant bottlenecks or inefficiencies in the supply chain.  This data will help you choose the right area to focus on.
* **Stakeholder input:** Gather input from relevant stakeholders (e.g., procurement, logistics, operations) to understand their perspectives and priorities.
* **Regularly review and refine:** As you learn more about the problem, you may need to adjust the problem statement.

By making your problem statement more specific and measurable, you will be able to:

* **Focus your efforts:**  Direct resources towards the areas with the greatest potential for improvement.
* **Generate more relevant solutions:** Brainstorming and problem-solving will be more focused and effective.
* **Track progress:**  Easily monitor your progress towards achieving your goals.
* **Demonstrate the impact of your work:**  Quantify the benefits of your improvements.

In summary, the original problem statement is a good starting point, but it needs to be refined to be more specific, measurable, and actionable.  Choose the area of the supply chain you want to improve, set a specific goal,...
2025-02-22 12:24:15,078 - my_app - DEBUG - Generating response for prompt: Recommend a tech stack to tackle the following pro...
2025-02-22 12:24:43,625 - my_app - DEBUG - Received response: Okay, let's break down a tech stack recommendation for improving supply chain management efficiency.  This is a broad area, so I'll make some assumptions and then offer options based on different potential needs. I'll also consider factors like cost, scalability, and ease of integration.

**Assumptions:**

*   **You have existing systems:** You likely already have some software in place (ERP, WMS, etc.).  The goal is to enhance, not necessarily replace everything.
*   **Data is key:**  Improving efficiency relies heavily on better data visibility and analysis.
*   **Cloud-first approach:** I'll lean towards cloud-based solutions for scalability and ease of deployment, but I'll also mention on-premise alternatives where appropriate.
*   **Focus on key areas:**
    *   **Visibility:**  Tracking goods, inventory, and processes in real-time.
    *   **Planning & Forecasting:**  Predicting demand and optimizing inventory levels.
    *   **Automation:**  Streamlining repetitive tasks.
    *   **Collaboration:**  Improving communication with suppliers and partners.
    *   **Optimization:** Finding the best routes, schedules, and resource allocation.

**Recommended Tech Stack Components:**

Here's a breakdown of the components with specific technologies, offering a mix of popular and effective choices:

1.  **Data Integration & ETL (Extract, Transform, Load):**

    *   **Purpose:**  Collect data from various sources (ERP, WMS, CRM, sensors, spreadsheets, external APIs) and prepare it for analysis.  This is CRITICAL.

    *   **Options:**

        *   **Cloud-Based:**
            *   **AWS Glue:** Serverless ETL service, highly scalable and integrates well with other AWS services.  Good for large datasets and complex transformations.
            *   **Azure Data Factory:** Similar to AWS Glue, but for Azure.  Excellent if you're already heavily invested in the Azure ecosystem.
            *   **Google Cloud Dataflow:** Another cloud-based option, strong for stream processing.
            *   **Informatica Intelligent Cloud Services (IICS):** A comprehensive, enterprise-grade iPaaS (Integration Platform as a Service) with strong data integration capabilities.  Can be more expensive.
            *   **Mulesoft Anypoint Platform:** Another robust iPaaS, focusing on API-led connectivity and integration. Powerful but can be overkill for simpler scenarios.
        *   **Open-Source:**
            *   **Apache Kafka:**  Excellent for real-time data streaming. Often paired with other tools.
            *   **Apache NiFi:** Powerful data routing and transformation tool.  More complex to manage than cloud-based options.
            *   **Pentaho Data Integration (Kettle):** A user-friendly open-source ETL tool with a graphical interface.
    *   **Recommendation:**  If you're cloud-first, **AWS Glue** or **Azure Data Factory** are excellent starting points.  For very high volumes and real-time needs, consider **Kafka** with a stream processing framework.  If you need a comprehensive enterprise solution, **Informatica IICS** or **Mulesoft** are worth evaluating.

2.  **Data Storage & Data Lake:**

    *   **Purpose:**  Store the integrated data in a way that's accessible for analysis and reporting.

    *   **Options:**

        *   **Cloud Data Warehouses:**
            *   **Amazon Redshift:**  Fast, scalable data warehouse optimized for analytical queries.
            *   **Azure Synapse Analytics:**  Microsoft's data warehouse offering, tightly integrated with Azure services.
            *   **Google BigQuery:**  Serverless, cost-effective data warehouse with powerful query capabilities.
        *   **Data Lakes:**
            *   **Amazon S3:**  Object storage service, ideal for storing raw data in its native format.  Often used as the foundation for a data lake.
            *   **Azure Data Lake Storage:**  Scalable data lake solution on Azure.
            *   **Google Cloud Storage:**  Similar to S3, but on Google Cloud.
        *   **Traditional Databases (If you're not ready for a Data Lake):**
            *   **PostgreSQL:** Open-source, robust, and widely used.
            *   **MySQL:** Another popular open-source database.
            *   **Microsoft SQL Server:** A commercial database from Microsoft.
    *   **Recommendation:**  For a modern, scalable approach, use a **data lake (S3, Azure Data Lake Storage, or Google Cloud Storage)** combined with a **data warehouse (Redshift, Synapse, or BigQuery)**.  The data lake stores raw data, while the data warehouse is used for structured analysis. If your data volume is small and you have well-defined reporting needs, a traditional database like **PostgreSQL** may suffice.

3.  **Data Analytics & Business Intelligence (BI):**

    *   **Purpose:**  Analyze the data to gain insights into supply chain performance, identify bottlenecks, and make data-driven decisions.

    *   **Options:**

        *   **Cloud BI Platforms:**
            *   **Tableau:**  Powerful data v...
2025-02-22 12:25:58,803 - my_app - DEBUG - Logger configured. Starting app...
2025-02-22 12:26:11,063 - my_app - DEBUG - Logger configured. Starting app...
2025-02-22 12:26:46,125 - my_app - DEBUG - Logger configured. Starting app...
2025-02-22 12:27:12,259 - my_app - DEBUG - Logger configured. Starting app...
2025-02-22 12:27:24,291 - my_app - DEBUG - Logger configured. Starting app...
